Log started at 25.06.2026	18:14:36
Number of used processors (NPROC): 8.
Number of mesh partitions (NPART): 8.
Total Physical Memory = 31.84 Gb, Available Physical Memory = 17.81 Gb
Computer name:	DESKTOP-H0F7FJV
Operating system:	Windows 11 (or higher) (Version 10.0.26200)

Commandline:	"C:\Program Files\SOLIDWORKS Corp\SOLIDWORKS Flow Simulation\BINCFW\efdsolver.exe" /config:"C:\Users\Kyle\Important\rocketrycad26\Avionics Bay Components\1\1.xmlconfig" /guid:306a5c69-9e8b-41ba-b13b-029aff7b9efb /processors:max /m /s /prjnamelm:"Flow Simulation 2025" /prjnamehabout:"Flow Simulation 2025" /companyname:"COSMOS Applications" /prjaliasid:1002 /lang:English /port:48674

SOLIDWORKS 2025 SP5.0
Flow Simulation 2025  x64 / 6875

Project: C:\Users\Kyle\Important\rocketrycad26\Avionics Bay Components\1\1.xmlconfig
Configuration name: Default
Project name: Test
Problem type: external-type
Exclude cavities without flow conditions: ON
NGK: OFF
MBO: OFF
-----------------------------------------------------------------------
Mesher option run = eRunMesherNormal
-----------------------------------------------------------------------

Mesh generation started:	25.6.2026	18:14:36
-----------------------------------------------------------------------
Memory Working Set Current = 17.89 Mb, Memory Working Set Peak = 17.89 Mb
Memory Private Bytes Current = 12.20 Mb, Memory Private Bytes Peak = 12.20 Mb
Process Threads Number: 8
-----------------------------------------------------------------------
Mesher adjust APD = OFF; AdjustAPD_method=0; N_per_Channel = 0; N2_per_Channel = 0
Current CPU = 0 sec
-----------------------------------------------------------------------
Geometries initialization:
-----------------------------------------------------------------------
Loading mesh settings (global/local)...
-----------------------------------------------------------------------
Number of geometries from DB: 1
Geometry(0):
	Guid = {00000000-0000-0000-0000-000000000000}
	Fluid..
	1 Body.
	1 Real body.
	-- Bodyset 0 --
		Tolerance=7.54271e-06.
		57 Face(s).
			57 of b-spline type.
		0 Face(s) that have no ref faces
		31 Plane surface(s).
		19 Cylinder surface(s).
		4 Torus surface(s).
		3 B- surface(s).
		9468 Triangle(s).
		Getting triangle connectivities from DB: 0.001 s
		129 Edge(s).
			129 of b-spline type.
		BodyGeom reading: 0.009 s.
		57 Reference Face(s).
		9468 Reference Triangles.
		Getting triangle connectivities from DB (Ref): 0.000 s
		BodyGeom Ref reading: 0.001 s.
Geometry(1):
	Solid.
	-- Bodyset 1 --
	Empty
-----------------------------------------------------------------------
Calculating t-connected sets:
BodySet (0):
		Number of t-connected sets:1 (cavity=0)
BodySet (1):
no log info (empty stream)

Calculating t-connected sets takes 0.002 s
-----------------------------------------------------------------------
Number of geometries in task: 2
	G : 0	Type: Fluid	Bodies: 1		Faces: 57		Edges: 129		Triangles: 9468
	G : 1	Type: Solid	Bodies: 0		Faces: 0		Edges: 0		Triangles: 0
Number of bodysets in task: 2

Bodies:     1
Faces:      57
Edges:      129
Triangles:  9468
-----------------------------------------------------------------------
BodySet (0):
	Making hash and connectivity for Bodyset ...
		CBodyGeom:
		Hashing triangles...Ok.
		Hash size: {31, 33, 52}.
		Mesh size: {31, 33, 52}.
			axis(0) tr sizes: average=43 max=624
			axis(1) tr sizes: average=26 max=238
			axis(2) tr sizes: average=45 max=303
		CBodyGeomRef:
		Hashing triangles...Ok.
		Hash size: {31, 33, 52}.
		Mesh size: {31, 33, 52}.
			axis(0) tr sizes: average=42 max=616
			axis(1) tr sizes: average=26 max=225
			axis(2) tr sizes: average=44 max=299
	0.0322 s.
Geometries reading and preparing has taken 0.050 s.
-----------------------------------------------------------------------
Mapped triangles:
-----------------------------------------------------------------------
Hashing Local Mesh Settings triangulation:
Local Mesh Settings (0):
no log info (empty stream)
Local Mesh Settings (1):
	Triangles num=12
	Triangles box={-0.00581265 ,0.0256839 ,-0.00359973 ,0.0267575 ,-0.0433643 ,0.0429747}
		3d-hash size is 221152 bytes
		rays hash size is 57780 bytes

Hashing rough geometry(bodies) triangulation:
BodySet (0):
	Triangles num=9468
	Triangles box={0 ,0.02 ,8.84777e-06 ,0.02 ,-0.0346081 ,0.0346081}
		3d-hash size is 315048 bytes
BodySet (1):
no log info (empty stream)

MMP (mapped_tr): locals=3, allc_sz=2.79 MB (0.00 MB), used_sz=2.51 MB, blk_sz=(0.05 MB/0.54 MB), blks-min-max=4/14 (big 0/0)
Free work mem pool...OK (0.001 s)
Mapped triangles processed in 0.039 s.
-----------------------------------------------------------------------
-----------------------------------------------------------------------
Getting sectors:
Number of sectors: 0
-----------------------------------------------------------------------
Current CPU = 0 sec
-----------------------------------------------------------------------
Memory Working Set Current = 29.92 Mb, Memory Working Set Peak = 33.41 Mb
Memory Private Bytes Current = 27.94 Mb, Memory Private Bytes Peak = 31.50 Mb
Process Threads Number: 15
-----------------------------------------------------------------------
-----------------------------------------------------------------------
Checking faces on CD...
FCD = [0 0 0 0 0 0]
FCD_conflicts = 0
Time (check faces on CD)=0.001 s
-----------------------------------------------------------------------

-----------------------------------------------------------------------
Mesh dimensions:
				I[0 ]=31
				I[1 ]=33
				I[2 ]=52

Comp. domain size:
				a[0  ]=-0.0411111
				a[1  ]=0.0574347
				a[2  ]=-0.0272595
				a[3  ]=0.0807283
				a[4  ]=-0.0759552
				a[5  ]=0.109187

Fluid calculated			1
Solid calculated			0
-----------------------------------------------------------------------
MESH Build started...
-----------------------------------------------------------------------
Mesh LEVEL = 4
-----------------------------------------------------------------------
-----------------------------------------------------------------------
CPT-mode xeps:
	D / dh / eps [axis=0] = (0.0985458, 0.000154987, 1.54987e-07)
	D / dh / eps [axis=1] = (0.107988, 0.000154875, 1.54875e-07)
	D / dh / eps [axis=2] = (0.185143, 0.000198192, 1.98192e-07)
-----------------------------------------------------------------------
Initial allocation and brick-body-box intersection...OK (0.001 s)
Initial triangle brick intersection...OK (0.000 s)
Setting regions (53196 / 53196)...OK (0.002 s)
-----------------------------------------------------------------------
Base mesh info:
	3D task
	Nx=31
	Ny=33
	Nz=52
	N(Nx*Ny*Nz) = 1023
	Period    axis=[0, 0, 0]
	Symmetry  ni=[0 0 0 0 0 0]
	ZoomingBC ni=[0 0 0 0 0 0]
	Nx=31
		x[0]=-0.0411111
		x[1]=-0.0365813
		x[2]=-0.0322915
		x[3]=-0.0282275
		x[4]=-0.0243775
		x[5]=-0.0207302
		x[6]=-0.017275
		x[7]=-0.0140016
		x[8]=-0.0109007
		x[9]=-0.00796298
		x[10]=-0.00517996
		x[11]=-0.00254347
		x[12]=-4.58034e-05
		x[13]=0.00246585
		x[14]=0.0049775
		x[15]=0.00748915
		x[16]=0.0100008
		x[17]=0.0125125
		x[18]=0.0150241
		x[19]=0.0175358
		x[20]=0.0200474
		x[21]=0.0225272
		x[22]=0.0251591
		x[23]=0.0279525
		x[24]=0.0309172
		x[25]=0.0340637
		x[26]=0.0374032
		x[27]=0.0409475
		x[28]=0.0447092
		x[29]=0.0487016
		x[30]=0.0529389
		x[31]=0.0574347
	Ny=33
		y[0]=-0.0272595
		y[1]=-0.0227606
		y[2]=-0.0186302
		y[3]=-0.0148369
		y[4]=-0.0113533
		y[5]=-0.00815403
		y[6]=-0.00521593
		y[7]=-0.00251767
		y[8]=-3.96716e-05
		y[9]=0.00244007
		y[10]=0.00491981
		y[11]=0.00739955
		y[12]=0.00987929
		y[13]=0.012359
		y[14]=0.0148388
		y[15]=0.0173185
		y[16]=0.0197982
		y[17]=0.0224147
		y[18]=0.0251304
		y[19]=0.0279492
		y[20]=0.0308751
		y[21]=0.0339121
		y[22]=0.0370644
		y[23]=0.0403364
		y[24]=0.0437326
		y[25]=0.0472577
		y[26]=0.0509167
		y[27]=0.0547147
		y[28]=0.0586568
		y[29]=0.0627486
		y[30]=0.0669958
		y[31]=0.0714042
		y[32]=0.07598
		y[33]=0.0807283
	Nz=52
		z[0]=-0.0759552
		z[1]=-0.0707438
		z[2]=-0.0658473
		z[3]=-0.0612454
		z[4]=-0.0569205
		z[5]=-0.0528558
		z[6]=-0.0490358
		z[7]=-0.0454456
		z[8]=-0.0420715
		z[9]=-0.0389004
		z[10]=-0.0356585
		z[11]=-0.0324167
		z[12]=-0.0291748
		z[13]=-0.025933
		z[14]=-0.0226911
		z[15]=-0.0194493
		z[16]=-0.0162074
		z[17]=-0.0129656
		z[18]=-0.00972375
		z[19]=-0.0064819
		z[20]=-0.00324005
		z[21]=1.79405e-06
		z[22]=0.00327742
		z[23]=0.00655303
		z[24]=0.00982865
		z[25]=0.0131043
		z[26]=0.0163799
		z[27]=0.0196555
		z[28]=0.0229311
		z[29]=0.0262067
		z[30]=0.0294823
		z[31]=0.032758
		z[32]=0.0360336
		z[33]=0.0393092
		z[34]=0.0425848
		z[35]=0.0458604
		z[36]=0.049136
		z[37]=0.0524116
		z[38]=0.0556873
		z[39]=0.0589629
		z[40]=0.0622385
		z[41]=0.0655141
		z[42]=0.0687897
		z[43]=0.0720653
		z[44]=0.075341
		z[45]=0.0785459
		z[46]=0.0820009
		z[47]=0.0857256
		z[48]=0.0897408
		z[49]=0.0940694
		z[50]=0.0987356
		z[51]=0.103766
		z[52]=0.109187
-----------------------------------------------------------------------
Input_mesh_settings--------------------------------
Settings 0----------------
	Scope: GLOBAL
	Type:	------MESHER_SETTINGS----------
	RefAllCells           =0
	RefFluidCells         =0
	RefPartCells          =0
	RefSolidCells         =0
	l_SSFR(Capture crit)  =1
	l_curv(Curvature crit)=0
	l_tol(Tolerance crit) =0
	UseChannelRef         =1
	  NCR_method          =0
	  l_NCR               =4
	  N_gap               =5
	  Use d_NCR_min       =0
	  Use d_NCR_max       =0
	CloseThinSlotsHeight         =0
	--END_OF_MESHER_SETTINGS-------
Settings 1----------------
	Scope: VOLUME
	Type:	------MESHER_SETTINGS----------
	RefAllCells           =0
	RefFluidCells         =1
	  l_ref_fluid         =2
	RefPartCells          =1
	  l_ref_part          =2
	RefSolidCells         =0
	l_SSFR(Capture crit)  =0
	l_curv(Curvature crit)=0
	l_tol(Tolerance crit) =0
	UseChannelRef         =0
	CloseThinSlotsHeight         =0
	--END_OF_MESHER_SETTINGS-------
End of input mesh settings-------------------------
-----------------------------------------------------------------------
Memory Working Set Current = 40.10 Mb, Memory Working Set Peak = 40.10 Mb
Memory Private Bytes Current = 40.29 Mb, Memory Private Bytes Peak = 40.29 Mb
Process Threads Number: 15
-----------------------------------------------------------------------
MMP (gbs): locals=2, allc_sz=7.17 MB (0.00 MB), used_sz=6.36 MB, blk_sz=(0.29 MB/1.15 MB), blks-min-max=4/7 (big 0/0)
MMP (cpt_rgs): locals=1, allc_sz=0.44 MB (0.00 MB), used_sz=0.27 MB, blk_sz=(0.22 MB/0.22 MB), blks-min-max=3/3 (big 0/0)
MMP (slv_rgs): locals=0, allc_sz=0.00 MB (0.00 MB), used_sz=0.00 MB, blk_sz=(0.00 MB/0.00 MB), blks-min-max=0/0 (big 0/0)
MMP (msh): locals=7, allc_sz=8.59 MB (0.00 MB), used_sz=6.10 MB, blk_sz=(0.02 MB/3.13 MB), blks-min-max=3/17 (big 0/0)
MMP (brx): locals=8, allc_sz=3.94 MB (0.00 MB), used_sz=3.68 MB, blk_sz=(0.03 MB/0.08 MB), blks-min-max=8/17 (big 0/0)
MMP (bcf): locals=0, allc_sz=0.00 MB (0.00 MB), used_sz=0.00 MB, blk_sz=(0.00 MB/0.00 MB), blks-min-max=0/0 (big 0/0)
MMP (xsl): locals=1, allc_sz=0.02 MB (0.00 MB), used_sz=0.00 MB, blk_sz=(0.02 MB/0.02 MB), blks-min-max=1/1 (big 0/0)
NxNyNz = [31, 33, 52]
base_dx=0.00333723; 
NxNyNz_reverse = [30, 32, 55]

-----------------------------------------------------------------------
Refining geometries:
-----------------------------------------------------------------------

-----------------------------------------------------------------------
Base mesh 1 Refining...
Collecting and processing rays:
	Adding rays...OK (0.007 s)
	Adding flags...OK (0.001 s)
	new bricks = 53196 / 53196
	new rays   = 4586 (x=1802, y=1696, z=1088)
	Processing rays...
		Rays process: Total time: 0.007, count: 1, Average time: 0.007, Maximum time: 0.007
		Sort xstacks: Total time: 0.000, count: 1, Average time: 0.000, Maximum time: 0.000
		Put xstacks:  Total time: 0.000, count: 1, Average time: 0.000, Maximum time: 0.000
		Total:         0.008 s
	Correcting rays...
		Lame vertices: Total time: 0.003, count: 1, Average time: 0.003, Maximum time: 0.003
		Bad rays:      No data
		Emit rays:     No data
		Correct ray f: No data
		Undef:         Total time: 0.000, count: 1, Average time: 0.000, Maximum time: 0.000
		Sum:           Total time: 0.003, count: 1, Average time: 0.003, Maximum time: 0.003
		Total:         0.003 s
	Time (rays): 0.019 s
	Calls                627
	CorrectRay Calls     0
Capturing (53196 / 53196)...
Capturing takes (0.003 s)
Refinement input: 53196 bricks
	Checking crit (53196 / 53196)...4964 marked (0.001 s)
	Time(refinement): 0.002 s
Setting regions (39712 / 87944)...OK (0.008 s)
Collecting and processing rays:
	Adding rays...OK (0.004 s)
	Adding flags...OK (0.001 s)
	new bricks = 39712 / 87944
	new rays   = 2924 (x=1133, y=1218, z=573)
	Processing rays...
		Rays process: Total time: 0.001, count: 1, Average time: 0.001, Maximum time: 0.001
		Sort xstacks: Total time: 0.000, count: 1, Average time: 0.000, Maximum time: 0.000
		Put xstacks:  Total time: 0.000, count: 1, Average time: 0.000, Maximum time: 0.000
		Total:         0.002 s
	Correcting rays...
		Lame vertices: Total time: 0.003, count: 1, Average time: 0.003, Maximum time: 0.003
		Bad rays:      No data
		Emit rays:     No data
		Correct ray f: No data
		Undef:         Total time: 0.000, count: 1, Average time: 0.000, Maximum time: 0.000
		Sum:           Total time: 0.003, count: 1, Average time: 0.003, Maximum time: 0.003
		Total:         0.004 s
	Time (rays): 0.011 s
	Calls                1704
	CorrectRay Calls     0
Capturing (39712 / 87944)...
Capturing takes (0.003 s)
	Checking crit (39712 / 87944)...32397 marked (0.001 s)
	Time(refinement): 0.012 s
Setting regions (263016 / 318083)...OK (0.047 s)
Collecting and processing rays:
	Adding rays...OK (0.032 s)
	Adding flags...OK (0.002 s)
	new bricks = 263016 / 318083
	new rays   = 10550 (x=4214, y=4292, z=2044)
	Processing rays...
		Rays process: Total time: 0.005, count: 1, Average time: 0.005, Maximum time: 0.005
		Sort xstacks: Total time: 0.000, count: 1, Average time: 0.000, Maximum time: 0.000
		Put xstacks:  Total time: 0.001, count: 1, Average time: 0.001, Maximum time: 0.001
		Total:         0.007 s
	Correcting rays...
		Lame vertices: Total time: 0.021, count: 1, Average time: 0.021, Maximum time: 0.021
		Bad rays:      No data
		Emit rays:     No data
		Correct ray f: No data
		Undef:         Total time: 0.000, count: 1, Average time: 0.000, Maximum time: 0.000
		Sum:           Total time: 0.021, count: 1, Average time: 0.021, Maximum time: 0.021
		Total:         0.022 s
	Time (rays): 0.063 s
	Calls                6648
	CorrectRay Calls     0
Capturing (263016 / 318083)...
Capturing takes (0.020 s)
	Checking crit (263016 / 318083)...0 marked (0.003 s)
Refinement result (2 iterations): 318083 bricks (0.178 s)
-----------------------------------------------------------------------

-----------------------------------------------------------------------
Refining by triangulation...
Refinement input: 318083 bricks
	Checking crit (318083 / 318083)...0 marked (0.008 s)
Refinement result (0 iterations): 318083 bricks (0.009 s)
Refinement input: 318083 bricks
	Checking crit (318083 / 318083)...0 marked (0.008 s)
Refinement result (0 iterations): 318083 bricks (0.009 s)
Collecting and processing rays:
	Adding rays...OK (0.001 s)
	Adding flags...OK (0.000 s)
	new bricks = 0 / 318083
	new rays   = 0 (x=0, y=0, z=0)
	Processing rays...
		Rays process: Total time: 0.000, count: 1, Average time: 0.000, Maximum time: 0.000
		Sort xstacks: Total time: 0.000, count: 1, Average time: 0.000, Maximum time: 0.000
		Put xstacks:  Total time: 0.000, count: 1, Average time: 0.000, Maximum time: 0.000
		Total:         0.000 s
	Correcting rays...
		Total:         0.000 s
	Time (rays): 0.002 s
	Calls                0
	CorrectRay Calls     0
Capturing (0 / 318083)...
Capturing takes (0.002 s)
Refining by triangulation takes 0.024 s
-----------------------------------------------------------------------

-----------------------------------------------------------------------
Refining 0 peculiar surfaces...
Collecting and processing rays:
	Adding rays...OK (0.001 s)
	Adding flags...OK (0.000 s)
	new bricks = 0 / 318083
	new rays   = 0 (x=0, y=0, z=0)
	Processing rays...
		Rays process: Total time: 0.000, count: 1, Average time: 0.000, Maximum time: 0.000
		Sort xstacks: Total time: 0.000, count: 1, Average time: 0.000, Maximum time: 0.000
		Put xstacks:  Total time: 0.000, count: 1, Average time: 0.000, Maximum time: 0.000
		Total:         0.000 s
	Correcting rays...
		Total:         0.000 s
	Time (rays): 0.001 s
	Calls                0
	CorrectRay Calls     0
Capturing (0 / 318083)...
Capturing takes (0.002 s)
0 surfaces refined
Refining peculiar surfaces takes 0.003 s
-----------------------------------------------------------------------

-----------------------------------------------------------------------
Base mesh 1 Refining...
Collecting and processing rays:
	Adding rays...OK (0.001 s)
	Adding flags...OK (0.000 s)
	new bricks = 0 / 318083
	new rays   = 0 (x=0, y=0, z=0)
	Processing rays...
		Rays process: Total time: 0.000, count: 1, Average time: 0.000, Maximum time: 0.000
		Sort xstacks: Total time: 0.000, count: 1, Average time: 0.000, Maximum time: 0.000
		Put xstacks:  Total time: 0.000, count: 1, Average time: 0.000, Maximum time: 0.000
		Total:         0.000 s
	Correcting rays...
		Total:         0.000 s
	Time (rays): 0.002 s
	Calls                0
	CorrectRay Calls     0
Capturing (0 / 318083)...
Capturing takes (0.002 s)
Refinement input: 318083 bricks
	Checking crit (318083 / 318083)...0 marked (0.004 s)
Refinement result (0 iterations): 318083 bricks (0.005 s)
-----------------------------------------------------------------------
Refining channels...
FYI: CNarrowChannelRefiner::RefineChannels_PRLL
FYI: m_iteration_count = 0
Level1 statistics:
     level1_cnt_plus[1]=0;		level1_cnt_minus[1]=0
     level1_cnt_plus[2]=233367;		level1_cnt_minus[2]=0
     level1_cnt_plus[3]=0;		level1_cnt_minus[3]=0
     level1_cnt_plus[4]=0;		level1_cnt_minus[4]=0
     level1_cnt_plus[5]=0;		level1_cnt_minus[5]=0
     level1_cnt_plus[6]=0;		level1_cnt_minus[6]=0
     level1_cnt_plus[7]=0;		level1_cnt_minus[7]=0
     level1_cnt_plus[8]=0;		level1_cnt_minus[8]=0
     level1_cnt_plus[9]=0;		level1_cnt_minus[9]=0
FYI: m_iteration_count = 1
Level1 statistics:
     level1_cnt_plus[1]=0;		level1_cnt_minus[1]=0
     level1_cnt_plus[2]=233367;		level1_cnt_minus[2]=0
     level1_cnt_plus[3]=0;		level1_cnt_minus[3]=0
     level1_cnt_plus[4]=0;		level1_cnt_minus[4]=0
     level1_cnt_plus[5]=0;		level1_cnt_minus[5]=0
     level1_cnt_plus[6]=0;		level1_cnt_minus[6]=0
     level1_cnt_plus[7]=0;		level1_cnt_minus[7]=0
     level1_cnt_plus[8]=0;		level1_cnt_minus[8]=0
     level1_cnt_plus[9]=0;		level1_cnt_minus[9]=0
FYI: m_iteration_count = 2
Level1 statistics:
     level1_cnt_plus[1]=0;		level1_cnt_minus[1]=0
     level1_cnt_plus[2]=233367;		level1_cnt_minus[2]=0
     level1_cnt_plus[3]=0;		level1_cnt_minus[3]=0
     level1_cnt_plus[4]=0;		level1_cnt_minus[4]=0
     level1_cnt_plus[5]=0;		level1_cnt_minus[5]=0
     level1_cnt_plus[6]=0;		level1_cnt_minus[6]=0
     level1_cnt_plus[7]=0;		level1_cnt_minus[7]=0
     level1_cnt_plus[8]=0;		level1_cnt_minus[8]=0
     level1_cnt_plus[9]=0;		level1_cnt_minus[9]=0
FYI: m_iteration_count = 3
Level1 statistics:
     level1_cnt_plus[1]=0;		level1_cnt_minus[1]=0
     level1_cnt_plus[2]=233367;		level1_cnt_minus[2]=0
     level1_cnt_plus[3]=0;		level1_cnt_minus[3]=0
     level1_cnt_plus[4]=0;		level1_cnt_minus[4]=0
     level1_cnt_plus[5]=0;		level1_cnt_minus[5]=0
     level1_cnt_plus[6]=0;		level1_cnt_minus[6]=0
     level1_cnt_plus[7]=0;		level1_cnt_minus[7]=0
     level1_cnt_plus[8]=0;		level1_cnt_minus[8]=0
     level1_cnt_plus[9]=0;		level1_cnt_minus[9]=0
Level1 statistics:
     level1_cnt_plus[1]=0;		level1_cnt_minus[1]=0
     level1_cnt_plus[2]=233367;		level1_cnt_minus[2]=0
     level1_cnt_plus[3]=0;		level1_cnt_minus[3]=0
     level1_cnt_plus[4]=0;		level1_cnt_minus[4]=0
     level1_cnt_plus[5]=0;		level1_cnt_minus[5]=0
     level1_cnt_plus[6]=0;		level1_cnt_minus[6]=0
     level1_cnt_plus[7]=0;		level1_cnt_minus[7]=0
     level1_cnt_plus[8]=0;		level1_cnt_minus[8]=0
     level1_cnt_plus[9]=0;		level1_cnt_minus[9]=0

-----------------------------------------------------------------------
U-shapes refinement...
Refinement input: 318083 bricks
	Checking crit (318083 / 318083)...0 marked (0.008 s)
Refinement result (0 iterations): 318083 bricks (0.009 s)
Collecting and processing rays:
	Adding rays...OK (0.001 s)
	Adding flags...OK (0.000 s)
	new bricks = 0 / 318083
	new rays   = 0 (x=0, y=0, z=0)
	Processing rays...
		Rays process: Total time: 0.000, count: 1, Average time: 0.000, Maximum time: 0.000
		Sort xstacks: Total time: 0.000, count: 1, Average time: 0.000, Maximum time: 0.000
		Put xstacks:  Total time: 0.000, count: 1, Average time: 0.000, Maximum time: 0.000
		Total:         0.000 s
	Correcting rays...
		Total:         0.000 s
	Time (rays): 0.002 s
	Calls                0
	CorrectRay Calls     0
Capturing (0 / 318083)...
Capturing takes (0.002 s)
-----------------------------------------------------------------------
-----------------------------------------------------------------------
Equi Distant Refiner Objects:
-----------------------------------------------------------------------
-----------------------------------------------------------------------
Equi Distant Refiner:
Equi Distant Refiner takes 0.00 s
-----------------------------------------------------------------------
	Calls                0
	CorrectRay Calls     0

-----------------------------------------------------------------------
Refining geometries takes 0.509 s
-----------------------------------------------------------------------
-----------------------------------------------------------------------
Memory Working Set Current = 164.15 Mb, Memory Working Set Peak = 164.15 Mb
Memory Private Bytes Current = 169.08 Mb, Memory Private Bytes Peak = 169.08 Mb
Process Threads Number: 15
-----------------------------------------------------------------------
Defect ray count	0
-----------------------------------------------------------------------
CNarrowChannelRefiner::RedistributeLevel1_step_1_new: started...
	PrePass:                     466734
	Distribute level_1 on level = 0
	Front spread algorithm. Partition count = 8
	Time (front spread): 0.004 s
	Groups count = 0
	Changed level 1 count = 0
	Distribute level_1 on level = 1
	Front spread algorithm. Partition count = 8
	Time (front spread): 0.003 s
	Groups count = 0
	Changed level 1 count = 0
	Distribute level_1 on level = 2
	Front spread algorithm. Partition count = 8
	Time (front spread): 0.024 s
	Groups count = 1
	Changed level 1 count = 0
	Distribute level_1 on level = 3
	Front spread algorithm. Partition count = 8
	Time (front spread): 0.003 s
	Groups count = 0
	Changed level 1 count = 0
	Distribute level_1 on level = 4
	Front spread algorithm. Partition count = 8
	Time (front spread): 0.002 s
	Groups count = 0
	Changed level 1 count = 0
	AfterPass:                   466734
CNarrowChannelRefiner::RedistributeLevel1_step_1_new: finished in 0.067 s
Level1 statistics:
     level1_cnt_plus[1]=0;		level1_cnt_minus[1]=0
     level1_cnt_plus[2]=233367;		level1_cnt_minus[2]=0
     level1_cnt_plus[3]=0;		level1_cnt_minus[3]=0
     level1_cnt_plus[4]=0;		level1_cnt_minus[4]=0
     level1_cnt_plus[5]=0;		level1_cnt_minus[5]=0
     level1_cnt_plus[6]=0;		level1_cnt_minus[6]=0
     level1_cnt_plus[7]=0;		level1_cnt_minus[7]=0
     level1_cnt_plus[8]=0;		level1_cnt_minus[8]=0
     level1_cnt_plus[9]=0;		level1_cnt_minus[9]=0
CNarrowChannelRefiner::RedistributeLevel1_step_2: started...
	PrePass(step2):                     466734
	Brick chains count: 4133
	Level 1 changed: 21492 / 318083
	Sum (level 1 changed): 42984
	AfterPass(step2):                   466736
CNarrowChannelRefiner::RedistributeLevel1_step_2: finished in 0.059 s
Level1 statistics:
     level1_cnt_plus[1]=0;		level1_cnt_minus[1]=0
     level1_cnt_plus[2]=233368;		level1_cnt_minus[2]=0
     level1_cnt_plus[3]=0;		level1_cnt_minus[3]=0
     level1_cnt_plus[4]=0;		level1_cnt_minus[4]=0
     level1_cnt_plus[5]=0;		level1_cnt_minus[5]=0
     level1_cnt_plus[6]=0;		level1_cnt_minus[6]=0
     level1_cnt_plus[7]=0;		level1_cnt_minus[7]=0
     level1_cnt_plus[8]=0;		level1_cnt_minus[8]=0
     level1_cnt_plus[9]=0;		level1_cnt_minus[9]=0
CNarrowChannelRefiner::RedistributeLevel1_step_3_new: started...
	PrePass(step3):                     466736
	Distribute level_1 on level = 0
	Front spread algorithm. Partition count = 8
	Time (front spread): 0.010 s
	Groups count = 1
	Changed level 1 count = 0
	Distribute level_1 on level = 1
	Front spread algorithm. Partition count = 8
	Time (front spread): 0.003 s
	Groups count = 1
	Changed level 1 count = 0
	Distribute level_1 on level = 2
	Front spread algorithm. Partition count = 8
	Time (front spread): 0.004 s
	Groups count = 1
	Changed level 1 count = 18650
	Distribute level_1 on level = 3
	Front spread algorithm. Partition count = 8
	Time (front spread): 0.003 s
	Groups count = 0
	Changed level 1 count = 0
	Distribute level_1 on level = 4
	Front spread algorithm. Partition count = 8
	Time (front spread): 0.003 s
	Groups count = 0
	Changed level 1 count = 0
	AfterPass(step3):                   504036
CNarrowChannelRefiner::RedistributeLevel1_step_3_new: finished in 0.036 s
Level1 statistics:
     level1_cnt_plus[1]=0;		level1_cnt_minus[1]=0
     level1_cnt_plus[2]=233368;		level1_cnt_minus[2]=18650
     level1_cnt_plus[3]=0;		level1_cnt_minus[3]=0
     level1_cnt_plus[4]=0;		level1_cnt_minus[4]=0
     level1_cnt_plus[5]=0;		level1_cnt_minus[5]=0
     level1_cnt_plus[6]=0;		level1_cnt_minus[6]=0
     level1_cnt_plus[7]=0;		level1_cnt_minus[7]=0
     level1_cnt_plus[8]=0;		level1_cnt_minus[8]=0
     level1_cnt_plus[9]=0;		level1_cnt_minus[9]=0
MMP (ncr): locals=8, allc_sz=60.24 MB (0.00 MB), used_sz=56.63 MB, blk_sz=(0.19 MB/1.04 MB), blks-min-max=26/44 (big 0/0)
-----------------------------------------------------------------------
MSH format builder (Iteration 0)
-----------------------------------------------------------------------
Memory Working Set Current = 119.73 Mb, Memory Working Set Peak = 179.01 Mb
Memory Private Bytes Current = 122.23 Mb, Memory Private Bytes Peak = 186.30 Mb
Process Threads Number: 15
-----------------------------------------------------------------------
Total bricks count: 318083
-----------------------------------------------------------------------
MSH (Real Geometry) format constructor:
	Geom    Count = 2
	Bodyset Count = 2
	3D task
	Getting parser brick sets...OK (0.007 s)

	Min x-stack xeps = 6.30636e-06
	D / dh / eps [axis=0] = (0.0985458, 0.000619947, 6.19947e-07)
	D / dh / eps [axis=1] = (0.107988, 0.0006195, 6.195e-07)
	D / dh / eps [axis=2] = (0.185143, 0.000792768, 7.92768e-07)
	Time (xeps): 0.001 s
Level 4
Level 3
Level 2
	Set (0)  size: 129588
	Set (0)  time: 0.118 s
	Set (1)  size: 129588
	Set (1)  time: 0.123 s
Level 1
	Set (0)  size: 5578
	Set (0)  time: 0.002 s
	Set (1)  size: 5577
	Set (1)  time: 0.002 s
Level 0
	Set (0)  size: 23876
	Set (0)  time: 0.007 s
	Set (1)  size: 23876
	Set (1)  time: 0.008 s

	Spread npq bricks...0 marked (0.002 s)

Result:
	Bricks number:                        318083

	Memory usage:                         10.749 MB
	Memory usage (per brick):             0.035 KB
	Construction time:                    0.273 s

	Topology features:
	------------------
	- High quality bricks                  100.00 % (318083)
	- Medium quality bricks                  0.00 % (0)
	- Bad quality bricks                     0.00 % (0)
	- NPQ bricks                             0.00 % (2)
	- Type-1 bricks                          4.89 % (15567)
	- Ribs corrected bricks                  0.00 % (0)
	- Points with geom-info (bricks)         0.00 % (0)
	- Points with closest-info (bricks)      0.00 % (0)
	- Triangulated by center (bricks)        0.00 % (0)
	- Facet w-faces mergings (bricks)        0.00 % (0)
	- To refine (bricks)                     0.00 % (0)
	- Points-count                           0.00 % (0)
	- T-self-intersection-all (bricks)       0.00 % (0)
	- T-self-intersection-simple (bricks)    0.00 % (0)
	- T-self-intersection-complex (bricks)   0.00 % (0)
	- NPQ by reason 1 u-shape                0.00 % (0)
	- NPQ by reason 2 tri-by-ctr             0.00 % (0)
	- NPQ by reason 3 ray-correction         0.00 % (0)
	- NPQ by reason 4 t-self-intersection    0.00 % (0)
	- NPQ by reason 5 non-good               0.00 % (0)
	- NPQ by reason 6 npq-worker             0.00 % (0)

-----------------------------------------------------------------------
Memory Working Set Current = 134.62 Mb, Memory Working Set Peak = 179.01 Mb
Memory Private Bytes Current = 138.77 Mb, Memory Private Bytes Peak = 186.30 Mb
Process Threads Number: 15
-----------------------------------------------------------------------
-----------------------------------------------------------------------
msh-iterations: 1
-----------------------------------------------------------------------
high---q-brick-count = 100.00 % (318083 318083)
medium-q-brick-count =   0.00 % (318083 0)
bad----q-brick-count =   0.00 % (318083 0)
np-----q-brick-count =   0.00 % (318083 2)
-----------------------------------------------------------------------
Free brick parser storage...OK(0.001 s)
-----------------------------------------------------------------------
Memory Working Set Current = 134.62 Mb, Memory Working Set Peak = 179.01 Mb
Memory Private Bytes Current = 139.79 Mb, Memory Private Bytes Peak = 186.30 Mb
Process Threads Number: 15
-----------------------------------------------------------------------
-----------------------------------------------------------------------
MSH --> BCF format (Iteration 0)...
BCF collector...(remove mode=0)
	Time (alloc counter per brick): 0.004 s
	Brick    count: 318083
	Av.f all count: 308599
	Av.s all count: 25132
	Av.f pid count: 15637
	Av.s pid count: 15578
	Faces fs count: 20668
	Faces ff count: 0
	Faces ss count: 0
	Faces bb count: 0
	Faces fe count: 8702
	Faces se count: 0
	Faces fw count: 29370
	Faces af count: 927064
	Faces as count: 72235
	Time (all count): 	0.020 s
	Time (bcf alloc): 	0.001 s
	Time (shifts alloc): 	0.009 s
	Time (shifts init): 	0.009 s
	Time (bcf fill): 	0.035 s
	Time (add av to faces): 0.001 s
	Time (add faces to av): 0.014 s
Time (bcf collect): 		0.098 s
	AV checker...
		Hole marker...
	Front spread algorithm. Partition count = 8
	Front spread algorithm. Partition count = 8
	Time (front spread): 0.032 s
	Time (front spread): 0.036 s
			Subdomains:               1.
			Subdomains (cond):        1.
			Time (subdomain constructors): 0.036 s.
			Time (potential-hole marking): 	0.004 s
	Front spread algorithm. Partition count = 8
	Time (front spread): 0.006 s
			Hole av set size = 0
			Hole checking...
			Time (hole checking): 0.000 s.
			0 av(s) are marked to fill 0 subdomain holes.
		Time (hole marker): 0.050 s.
	Time (check av): 	0.126 s
	Subdomain checker...
	Front spread algorithm. Partition count = 8
	Time (front spread): 0.016 s
		Subdomains construction time: 0.016 s.
		Subdomains sort time: 0.000 s.
			Subdomain 0 (geom_ind=0): 308599 av
			Subdomain 1 (geom_ind=1): 25132 av
		gi: 0, real bodies: 1
		gi: 0, subdomains:  1
		gi: 1, real bodies: 0
		gi: 1, subdomains:  1
		Defect subdomains: 0
	Time (check subdoms): 	0.019 s
Time (bcf iteration total): 	0.245 s
	Sum of fw-nb: 		5560
	Time (fw-nb): 		0.001 s
	Fixed mutual fw-nb:     5560 (bb: 0)
	Time (fw-nb mutual): 	0.002 s
	Time (fw-nb sort): 	0.000 s
	Fw-opt BEFORE total:    29370 (fs=20668, ff=0, ss=0)
	Fw-opt AFTER  total:    26814 (fs=18112, ff=0, ss=0, failed fw/br=0/0, big_curv=0, big_poly=0)
	Fw-opt RESULT:          2556 (res/(fs+ff+ss) = 12.37 %)
	Time (fw-opt): 		0.006 s
	Time (fw-re-order): 	0.002 s
	Sum of fw-nb: 		53673
	Time (fw-nb): 		0.009 s
	Fixed mutual fw-nb:     53673 (bb: 0)
	Time (fw-nb mutual): 	0.003 s
	Time (fw-nb sort): 	0.000 s
	Time (rfd conservation): 	0.000 s
	Time (rfd correct): 	0.000 s
	Time (av convexity): 	0.004 s
	Time (av small volume): 0.001 s
	Time (diagonal fw-nb): 	0.029 s
	Fixed mutual fw-nb:     0 (bb: 0)
	Time (fw-nb mutual): 	0.003 s
	Time (fw-nb sort): 	0.001 s
	Front spread algorithm. Partition count = 8
	Time (front spread): 0.017 s
	Fluid subdomains: 1
	Faces fw-nb diff sd:    0
	Time (fw-nb diff sd): 	0.019 s
Time (bcf calc): 		0.090 s
-----------------------------------------------------------------------
Time (bcf total): 		0.335 s
-----------------------------------------------------------------------
bcf-iterations: 1
-----------------------------------------------------------------------
-----------------------------------------------------------------------
Mega-cv constructor for fluid...
	 11 av's is treated as thin
Relative size generator (threshold = 0.05)...
	Iteration 1 (small cluster count = 608)
	Iteration 2 (small cluster count = 265)
	Iteration 3 (small cluster count = 30)
	Iteration 4 (small cluster count = 1)
	Iteration 5 (small cluster count = 0)
	 608 mega-cv's generated
	 2 mega-cv's removed
Relative size generator is completed OK (0.013 s)
Apply fa-rules to mega-cv clusters fixes...
OK (0.001 s)
There are 8 clusters with nbrs connected in more than one axis
Convert clusters:
	 606 mega-cv's total
Mega-cv count: 606
Time (mega-cv fill): 	0.001 s
Time (mega-cv total): 	0.028 s
-----------------------------------------------------------------------
Mixing plane rotation regions: NO.
Sliding mesh rotation regions: NO.
Fluid/fluid faces: NO.
-----------------------------------------------------------------------
Memory Working Set Current = 205.27 Mb, Memory Working Set Peak = 268.74 Mb
Memory Private Bytes Current = 220.28 Mb, Memory Private Bytes Peak = 278.93 Mb
Process Threads Number: 15
-----------------------------------------------------------------------
----------------------------------------------------------
BCF --> BCF.GEOMSUBDOM (bridge arrays):
MESH (0):
	Front spread algorithm. Partition count = 8
	Time (front spread): 0.023 s
	Fluid Subdom Constructor: 1 subdom(s).
	Front spread algorithm. Partition count = 8
	Time (front spread): 0.005 s
	Solid Subdom Constructor: 1 subdom(s).
	Front spread algorithm. Partition count = 8
	Time (front spread): 0.002 s
	Net Asm Subdom Constructor: 0 subdom(s).
	GEOMSUBDOM (0): gi=0 Fluid av=308599 cv=307991 fa=927064 fw=26814 V=1.958376e-03
	Cache data...OK
	GEOMSUBDOM (1): gi=1 Solid av=25132 cv=25132 fa=72235 fw=18112 V=1.186368e-05
	Cache data...OK
	Setting nb of w-faces...OK (0.004 s).
	Correcting nb of w-faces...
	Time(correct_fw_nb)=0.006 s

MESH (0) checking:
	GEOMSUBDOM (0):fa_s=2.0052469248608054 fw_s=0.1043146261337474 fw_nb=214470
	              :d_const(145802)=2.77055e-10 d_linear(145802)=2.53025e-09
	GEOMSUBDOM (1):fa_s=0.0358211013463316 fw_s=0.0065548033507788 fw_nb=144878
	              :d_const(12678)=1.54183e-09 d_linear(22533)=4.85539e-09
MESH (0) checking: OK.
Time (MDS): 	0.222 s
----------------------------------------------------------
-----------------------------------------------------------------------
Memory Working Set Current = 320.54 Mb, Memory Working Set Peak = 320.54 Mb
Memory Private Bytes Current = 362.08 Mb, Memory Private Bytes Peak = 362.11 Mb
Process Threads Number: 15
-----------------------------------------------------------------------

-----------------------------------------------------------------------
BCF CHECKSUM DATA (Mesh 0):

BRICK |Level1| Sum:               504036
FACE_A Area Sum:   G.Fluid        2.0052469248607978
FACE_A Area Sum:   G.Solid        0.0358211013463316
FACE_W Area Sum:                  0.1043146261337474
FACE_W Nb   Sum:                  214470
FACE_W min curvatures sum:        -368126.02494012
FACE_W max curvatures sum:        1306786.16479492
AV Max Disbalance(Const) :        1.82539e-09 (cid=239403, t={296, 156, 476}, avid=230159, pid=14768)
AV Max Disbalance(Linear):        7.40905e-08 (cid=239403, t={296, 156, 476}, avid=230159, pid=14768)
-----------------------------------------------------------------------


-----------------------------------------------------------------------
MESHER TOPOLOGY DATA:

BRICKS: Total                 318083
BRICKS: Fluid                 308529
BRICKS: Fluid Partial         15567
BRICKS: Type 1                15567
BRICKS: Max AV number         3
BRICKS: |level1| sum          504036


AV:     G.Total               333731
AV:     G.Fluid               308599
AV:     G.Solid               25132

AV:     G.Fluid Thin Profile    0.00 % (11)
AV:     G.Solid Thin Profile    0.28 % (70)

AV:     G.Fluid Thin For Mega   0.00 % (11)
AV:     G.Solid Thin For Mega   0.24 % (60)

AV:     G.Fluid Non-Convex      0.74 % (2278)
AV:     G.Solid Non-Convex      6.03 % (1515)

AV:     G.Fluid Non-Ess-Convex      0.54 % (1674)
AV:     G.Solid Non-Ess-Convex      2.97 % (747)

FACE_A: G.Fluid          (af) 927064 (partially opened 31287)
FACE_A: G.Solid          (as) 72235 (partially opened 31169)

FACE_W: G.Total                 26814       Brick/Bound
FACE_W: G.Fluid/Solid    (fs_g) 18112       0           
FACE_W: G.Fluid/Fluid    (ff_g) 0           0           
FACE_W: G.Solid/Solid    (ss_g) 0           0           
FACE_W: G.Fluid/Void     (fv_g) 0           0           
FACE_W: G.Fluid/External (fe_g) 8702
FACE_W: G.Solid/External (se_g) 0

AV/CV max fa count (on brick side):4
AV/CV max fw count:                4
AV/CV max fw poly count:           10

MEMORY: Total                   89.781 MB
MEMORY: Per Brick               0.289 KB
-----------------------------------------------------------------------

-----------------------------------------------------------------------
Connectivities information:
	Number of conns: 0
-----------------------------------------------------------------------
	Time (gap size): 	0.040 s
-----------------------------------------------------------------------
Memory Working Set Current = 318.21 Mb, Memory Working Set Peak = 320.54 Mb
Memory Private Bytes Current = 359.72 Mb, Memory Private Bytes Peak = 362.11 Mb
Process Threads Number: 15
-----------------------------------------------------------------------
-----------------------------------------------------------------------
Calculating curvature and tolerance criteria...
Curvature: min=0 (cid=0) max=2.71632 (cid=113926)
Tolerance: min=0 (cid=0) max=0.000730556 (cid=261049)
Calculating curvature and tolerance criteria takes 0.045 s
-----------------------------------------------------------------------
MESH Build(FS) finished. Time=1.711 s
-----------------------------------------------------------------------
Current CPU = 2 sec

Nx=31
Ny=33
Nz=52
Max BRICK Level=2
Mesh Level=4
-----------------CModelBodies2MeshMapper::CollectData started -------------------------------
	Time (collect mesh base data): 0.005 s.
	Time (collect model bodies mapping): 0.000 s.
	Time (collect positive bodies mapping): 0.000 s.
	Time (collect fluid bodies mapping): 0.000 s.
-----------------CModelBodies2MeshMapper Report -------------------------------
FluidDomains 1 SolidDomains 1 VoidDomains 0 
Domains RefIndexes
----------------- -------------------------------
	ModelBodies
Total resolved Bodies 0 BodySets 0

--------------------------------------------------------------------------
	Positive geometry Bodies
Total resolved Bodies 1 BodySets 1
BodySet 0
	Bodies list:
			#0	Name: ;	ID: 0270c914-d0ce-45b9-a89d-de971a54244b
	Domains list:mesh type	 (0, 1)		 0 


--------------------------------------------------------------------------
	Fluid regions
Total resolved Bodies 1 BodySets 1
BodySet 0	Material: Air; 
	Bodies list:
			#0	Name: ;	ID: 0270c914-d0ce-45b9-a89d-de971a54244b
	Domains list:mesh type	 (0, 1)		 0 


--------------------------------------------------------------------------
Collect data takes...0.006 s
-----------------CModelBodies2MeshMapper::CollectData finished successfully-------------------
Saving initial mesh in: C:\Users\Kyle\Important\rocketrycad26\Avionics Bay Components\1\1.fld .
Storing results...
	Estimated CPT size=35.229 MB.
Write section 436 takes 0.000 s
Write section 101 takes 0.000 s
Write section 400 takes 0.005 s
Write section 437 takes 0.011 s
Write mesh/bricks section: 0.017 s
Write section 408 takes 0.040 s
Write section 427 takes 0.012 s
Write msh format: 0.052 s
Write section 406 takes 0.013 s
Write section 405 takes 0.002 s
Write section 401 takes 0.100 s
Write section 402 takes 0.020 s
Write section 407 takes 0.005 s
Write section 421 takes 0.032 s
Write section 404 takes 0.002 s
Write section 416 takes 0.001 s
Write section 411 takes 0.001 s
Write section 413 takes 0.000 s
Write section 432 takes 0.000 s
Write plain bcf: 0.177 s
Write section 448 takes 0.002 s
Write section 446 takes 0.000 s
Write section 516 takes 0.000 s
	Time (write bcf): 0.248 s
X_STACK_LIST::write_x_stack_list4: started...
X_STACK_LIST::write_x_stack_list4: finished in 0.003 s
Storing results takes 0.258 s
-----------------------------------------------------------------------
Memory Working Set Current = 344.81 Mb, Memory Working Set Peak = 347.13 Mb
Memory Private Bytes Current = 386.12 Mb, Memory Private Bytes Peak = 388.55 Mb
Process Threads Number: 15
-----------------------------------------------------------------------
Cleaning memory...
-----------------------------------------------------------------------
Start to free mesher data...
MMP (gbs): locals=2, allc_sz=7.17 MB (0.00 MB), used_sz=6.36 MB, blk_sz=(0.29 MB/1.15 MB), blks-min-max=4/7 (big 0/0)
MMP (cpt_rgs): locals=1, allc_sz=0.44 MB (0.00 MB), used_sz=0.27 MB, blk_sz=(0.22 MB/0.22 MB), blks-min-max=3/3 (big 0/0)
MMP (slv_rgs): locals=0, allc_sz=0.00 MB (0.00 MB), used_sz=0.00 MB, blk_sz=(0.00 MB/0.00 MB), blks-min-max=0/0 (big 0/0)
MMP (msh): locals=8, allc_sz=48.80 MB (0.00 MB), used_sz=43.06 MB, blk_sz=(0.33 MB/3.78 MB), blks-min-max=5/38 (big 0/0)
MMP (brx): locals=8, allc_sz=45.63 MB (0.00 MB), used_sz=43.96 MB, blk_sz=(0.44 MB/0.58 MB), blks-min-max=35/38 (big 0/0)
MMP (bcf): locals=8, allc_sz=169.51 MB (0.00 MB), used_sz=135.35 MB, blk_sz=(0.44 MB/16.68 MB), blks-min-max=9/48 (big 0/0)
MMP (xsl): locals=8, allc_sz=0.69 MB (0.00 MB), used_sz=0.59 MB, blk_sz=(0.02 MB/0.03 MB), blks-min-max=4/5 (big 0/0)
Free xsl...            OK	Time=0.000 s
Free ray collector...  OK	Time=0.000 s
Free ray intersector...OK	Time=0.000 s
Free body sets...      OK	Time=0.001 s
Free Geometry DB takes 0.000 s
Free mesh conn...      OK	Time=0.000 s
Free geomsd...         OK	Time=0.000 s
Free mbricks...        OK	Time=0.002 s
Free hash info...      OK	Time=0.002 s
Free bricks-x...       OK	Time=0.002 s
Free bcf...            OK	Time=0.008 s
Free mesh h...         OK	Time=0.000 s
Free bricks arr..      OK	Time=0.000 s
Free bricks tree...    OK	Time=0.000 s
Free mesh pools...     OK	Time=0.023 s
Free bodies mapper...  OK	Time=0.000 s
Free geom crits...     OK	Time=0.000 s
Free cpt regions...    OK	Time=0.000 s
Free peculiar surfs... OK	Time=0.000 s
Free sw-geometries...  OK	Time=0.000 s
Free mesher wrk data...OK	Time=0.000 s
Total free mesher data time: 0.041 s
-----------------------------------------------------------------------
Copying... OK
CPT size=5.678 MB (5954158 bytes).
Mesh generation normally finished at	25.6.2026	18:14:38
Mesher CPU = 2 sec
Mesher is finished at	25.6.2026	18:14:38
-----------------------------------------------------------------------
Memory Working Set Current = 65.44 Mb, Memory Working Set Peak = 347.13 Mb
Memory Private Bytes Current = 66.93 Mb, Memory Private Bytes Peak = 388.55 Mb
Process Threads Number: 15
-----------------------------------------------------------------------
Algebra Pool      : mem_usage = 5.00 Mb, allocated count = 0
-----------------------------------------------------------------------
Memory Working Set Current = 60.57 Mb, Memory Working Set Peak = 347.13 Mb
Memory Private Bytes Current = 61.99 Mb, Memory Private Bytes Peak = 388.55 Mb
Process Threads Number: 15
Process Threads Number Peak: 15
-----------------------------------------------------------------------
Log ended at 25.06.2026	18:14:38
