Log started at 25.06.2026	20:17:17
Number of used processors (NPROC): 8.
Number of mesh partitions (NPART): 8.
Total Physical Memory = 31.84 Gb, Available Physical Memory = 18.16 Gb
Computer name:	DESKTOP-H0F7FJV
Operating system:	Windows 11 (or higher) (Version 10.0.26200)

Commandline:	"C:\Program Files\SOLIDWORKS Corp\SOLIDWORKS Flow Simulation\BINCFW\efdsolver.exe" /config:"C:\Users\Kyle\Important\rocketrycad26\2\2.xmlconfig" /guid:5aed91da-5f8d-4034-a844-c02e590a5254 /processors:max /m /prjnamelm:"Flow Simulation 2025" /prjnamehabout:"Flow Simulation 2025" /companyname:"COSMOS Applications" /prjaliasid:1002 /lang:English /port:1770

SOLIDWORKS 2025 SP5.0
Flow Simulation 2025  x64 / 6875

Project: C:\Users\Kyle\Important\rocketrycad26\2\2.xmlconfig
Configuration name: Default
Project name: Rocket Only
Problem type: external-type
Exclude cavities without flow conditions: ON
NGK: OFF
MBO: OFF
-----------------------------------------------------------------------
Mesher option run = eRunMesherNormal
-----------------------------------------------------------------------

Mesh generation started:	25.6.2026	20:17:17
-----------------------------------------------------------------------
Memory Working Set Current = 17.35 Mb, Memory Working Set Peak = 17.35 Mb
Memory Private Bytes Current = 11.65 Mb, Memory Private Bytes Peak = 11.65 Mb
Process Threads Number: 8
-----------------------------------------------------------------------
Mesher adjust APD = OFF; AdjustAPD_method=0; N_per_Channel = 0; N2_per_Channel = 0
Current CPU = 0 sec
-----------------------------------------------------------------------
Geometries initialization:
-----------------------------------------------------------------------
Loading mesh settings (global/local)...
-----------------------------------------------------------------------
Number of geometries from DB: 1
Geometry(0):
	Guid = {00000000-0000-0000-0000-000000000000}
	Fluid..
	1 Body.
	1 Real body.
	-- Bodyset 0 --
		Tolerance=0.000124004.
		49 Face(s).
			49 of b-spline type.
		0 Face(s) that have no ref faces
		18 Plane surface(s).
		20 Cylinder surface(s).
		8 B- surface(s).
		3 Revolved surface(s).
		9374 Triangle(s).
		Getting triangle connectivities from DB: 0.000 s
		111 Edge(s).
			111 of b-spline type.
		BodyGeom reading: 0.008 s.
		49 Reference Face(s).
		9374 Reference Triangles.
		Getting triangle connectivities from DB (Ref): 0.000 s
		BodyGeom Ref reading: 0.001 s.
Geometry(1):
	Solid.
	-- Bodyset 1 --
	Empty
-----------------------------------------------------------------------
Calculating t-connected sets:
BodySet (0):
		Number of t-connected sets:1 (cavity=0)
BodySet (1):
no log info (empty stream)

Calculating t-connected sets takes 0.001 s
-----------------------------------------------------------------------
Number of geometries in task: 2
	G : 0	Type: Fluid	Bodies: 1		Faces: 49		Edges: 111		Triangles: 9374
	G : 1	Type: Solid	Bodies: 0		Faces: 0		Edges: 0		Triangles: 0
Number of bodysets in task: 2

Bodies:     1
Faces:      49
Edges:      111
Triangles:  9374
-----------------------------------------------------------------------
BodySet (0):
	Making hash and connectivity for Bodyset ...
		CBodyGeom:
		Hashing triangles...Ok.
		Hash size: {25, 100, 32}.
		Mesh size: {25, 100, 32}.
			axis(0) tr sizes: average=25 max=575
			axis(1) tr sizes: average=85 max=637
			axis(2) tr sizes: average=31 max=914
		CBodyGeomRef:
		Hashing triangles...Ok.
		Hash size: {25, 100, 32}.
		Mesh size: {25, 100, 32}.
			axis(0) tr sizes: average=24 max=478
			axis(1) tr sizes: average=80 max=559
			axis(2) tr sizes: average=29 max=794
	0.00807 s.
Geometries reading and preparing has taken 0.024 s.
-----------------------------------------------------------------------
Mapped triangles:
Hashing rough geometry(bodies) triangulation:
BodySet (0):
	Triangles num=9374
	Triangles box={-0.124004 ,0.124004 ,-0.009525 ,2.26912 ,-0.124004 ,0.124004}
		3d-hash size is 417120 bytes
BodySet (1):
no log info (empty stream)

MMP (mapped_tr): locals=3, allc_sz=2.50 MB (0.00 MB), used_sz=2.34 MB, blk_sz=(0.03 MB/0.74 MB), blks-min-max=3/11 (big 0/0)
Free work mem pool...OK (0.001 s)
Mapped triangles processed in 0.011 s.
-----------------------------------------------------------------------
-----------------------------------------------------------------------
Getting sectors:
Number of sectors: 0
-----------------------------------------------------------------------
Current CPU = 0 sec
-----------------------------------------------------------------------
Memory Working Set Current = 28.60 Mb, Memory Working Set Peak = 31.88 Mb
Memory Private Bytes Current = 26.38 Mb, Memory Private Bytes Peak = 29.81 Mb
Process Threads Number: 15
-----------------------------------------------------------------------
-----------------------------------------------------------------------
Checking faces on CD...
FCD = [0 0 0 0 0 0]
FCD_conflicts = 0
Time (check faces on CD)=0.000 s
-----------------------------------------------------------------------

-----------------------------------------------------------------------
Mesh dimensions:
				I[0 ]=25
				I[1 ]=100
				I[2 ]=32

Comp. domain size:
				a[0  ]=-0.489082
				a[1  ]=0.448641
				a[2  ]=-0.820831
				a[3  ]=2.88011
				a[4  ]=-0.743365
				a[5  ]=0.624013

Fluid calculated			1
Solid calculated			0
-----------------------------------------------------------------------
MESH Build started...
-----------------------------------------------------------------------
Mesh LEVEL = 1
-----------------------------------------------------------------------
-----------------------------------------------------------------------
CPT-mode xeps:
	D / dh / eps [axis=0] = (0.937723, 0.0178216, 1.78216e-05)
	D / dh / eps [axis=1] = (3.70094, 0.0172285, 1.72285e-05)
	D / dh / eps [axis=2] = (1.36738, 0.0190129, 1.90129e-05)
-----------------------------------------------------------------------
Initial allocation and brick-body-box intersection...OK (0.003 s)
Initial triangle brick intersection...OK (0.001 s)
Setting regions (80000 / 80000)...OK (0.001 s)
-----------------------------------------------------------------------
Base mesh info:
	3D task
	Nx=25
	Ny=100
	Nz=32
	N(Nx*Ny*Nz) = 2500
	Period    axis=[0, 0, 0]
	Symmetry  ni=[0 0 0 0 0 0]
	ZoomingBC ni=[0 0 0 0 0 0]
	Nx=25
		x[0]=-0.489082
		x[1]=-0.451181
		x[2]=-0.413549
		x[3]=-0.376171
		x[4]=-0.339046
		x[5]=-0.302173
		x[6]=-0.265549
		x[7]=-0.229172
		x[8]=-0.193042
		x[9]=-0.157156
		x[10]=-0.121513
		x[11]=-0.0810033
		x[12]=-0.0404953
		x[13]=1.2722e-05
		x[14]=0.0405207
		x[15]=0.0810287
		x[16]=0.121537
		x[17]=0.157535
		x[18]=0.193622
		x[19]=0.229794
		x[20]=0.266053
		x[21]=0.302399
		x[22]=0.338831
		x[23]=0.375351
		x[24]=0.411958
		x[25]=0.448641
	Ny=100
		y[0]=-0.820831
		y[1]=-0.786374
		y[2]=-0.751781
		y[3]=-0.717044
		y[4]=-0.68216
		y[5]=-0.64713
		y[6]=-0.611953
		y[7]=-0.576628
		y[8]=-0.541154
		y[9]=-0.505532
		y[10]=-0.469191
		y[11]=-0.43285
		y[12]=-0.396509
		y[13]=-0.360168
		y[14]=-0.323827
		y[15]=-0.287487
		y[16]=-0.251146
		y[17]=-0.214805
		y[18]=-0.178464
		y[19]=-0.142123
		y[20]=-0.105783
		y[21]=-0.0694417
		y[22]=-0.0331009
		y[23]=0.00323992
		y[24]=0.0395807
		y[25]=0.0759216
		y[26]=0.112262
		y[27]=0.148603
		y[28]=0.184944
		y[29]=0.221285
		y[30]=0.257626
		y[31]=0.293966
		y[32]=0.330307
		y[33]=0.366648
		y[34]=0.402989
		y[35]=0.43933
		y[36]=0.475671
		y[37]=0.512011
		y[38]=0.548352
		y[39]=0.584693
		y[40]=0.621034
		y[41]=0.657375
		y[42]=0.693715
		y[43]=0.730056
		y[44]=0.766397
		y[45]=0.802738
		y[46]=0.839079
		y[47]=0.87542
		y[48]=0.91176
		y[49]=0.948101
		y[50]=0.984442
		y[51]=1.02078
		y[52]=1.05712
		y[53]=1.09346
		y[54]=1.12981
		y[55]=1.16696
		y[56]=1.20411
		y[57]=1.24127
		y[58]=1.27842
		y[59]=1.31557
		y[60]=1.35273
		y[61]=1.38988
		y[62]=1.42704
		y[63]=1.46419
		y[64]=1.50134
		y[65]=1.5385
		y[66]=1.57565
		y[67]=1.61281
		y[68]=1.64996
		y[69]=1.68711
		y[70]=1.72427
		y[71]=1.76142
		y[72]=1.79857
		y[73]=1.83573
		y[74]=1.87288
		y[75]=1.91004
		y[76]=1.94719
		y[77]=1.98434
		y[78]=2.0215
		y[79]=2.05865
		y[80]=2.0958
		y[81]=2.13296
		y[82]=2.17011
		y[83]=2.20727
		y[84]=2.24442
		y[85]=2.28157
		y[86]=2.31873
		y[87]=2.35525
		y[88]=2.39229
		y[89]=2.42987
		y[90]=2.46797
		y[91]=2.50662
		y[92]=2.54581
		y[93]=2.58556
		y[94]=2.62588
		y[95]=2.66677
		y[96]=2.70825
		y[97]=2.75031
		y[98]=2.79297
		y[99]=2.83624
		y[100]=2.88011
	Nz=32
		z[0]=-0.743365
		z[1]=-0.692202
		z[2]=-0.642181
		z[3]=-0.593265
		z[4]=-0.54543
		z[5]=-0.498652
		z[6]=-0.452907
		z[7]=-0.408172
		z[8]=-0.364426
		z[9]=-0.321647
		z[10]=-0.279812
		z[11]=-0.238902
		z[12]=-0.198896
		z[13]=-0.159773
		z[14]=-0.121515
		z[15]=-0.0810067
		z[16]=-0.0404987
		z[17]=9.32517e-06
		z[18]=0.0405173
		z[19]=0.0810253
		z[20]=0.121533
		z[21]=0.159559
		z[22]=0.198246
		z[23]=0.237603
		z[24]=0.277644
		z[25]=0.31838
		z[26]=0.359822
		z[27]=0.401984
		z[28]=0.444877
		z[29]=0.488515
		z[30]=0.53291
		z[31]=0.578075
		z[32]=0.624013
-----------------------------------------------------------------------
Input_mesh_settings--------------------------------
Settings 0----------------
	Scope: GLOBAL
	Type:	------MESHER_SETTINGS----------
	RefAllCells           =0
	RefFluidCells         =0
	RefPartCells          =0
	RefSolidCells         =0
	l_SSFR(Capture crit)  =1
	l_curv(Curvature crit)=0
	l_tol(Tolerance crit) =0
	UseChannelRef         =1
	  NCR_method          =0
	  l_NCR               =1
	  N_gap               =7
	  Use d_NCR_min       =0
	  Use d_NCR_max       =0
	CloseThinSlotsHeight         =0
	--END_OF_MESHER_SETTINGS-------
End of input mesh settings-------------------------
-----------------------------------------------------------------------
Memory Working Set Current = 43.82 Mb, Memory Working Set Peak = 43.82 Mb
Memory Private Bytes Current = 46.33 Mb, Memory Private Bytes Peak = 46.33 Mb
Process Threads Number: 15
-----------------------------------------------------------------------
MMP (gbs): locals=2, allc_sz=6.82 MB (0.00 MB), used_sz=5.84 MB, blk_sz=(0.26 MB/1.14 MB), blks-min-max=3/7 (big 0/0)
MMP (cpt_rgs): locals=0, allc_sz=0.00 MB (0.00 MB), used_sz=0.00 MB, blk_sz=(0.00 MB/0.00 MB), blks-min-max=0/0 (big 0/0)
MMP (slv_rgs): locals=0, allc_sz=0.00 MB (0.00 MB), used_sz=0.00 MB, blk_sz=(0.00 MB/0.00 MB), blks-min-max=0/0 (big 0/0)
MMP (msh): locals=8, allc_sz=13.79 MB (0.00 MB), used_sz=9.16 MB, blk_sz=(0.05 MB/4.70 MB), blks-min-max=3/19 (big 0/0)
MMP (brx): locals=8, allc_sz=6.02 MB (0.00 MB), used_sz=5.52 MB, blk_sz=(0.04 MB/0.12 MB), blks-min-max=11/21 (big 0/0)
MMP (bcf): locals=0, allc_sz=0.00 MB (0.00 MB), used_sz=0.00 MB, blk_sz=(0.00 MB/0.00 MB), blks-min-max=0/0 (big 0/0)
MMP (xsl): locals=1, allc_sz=0.02 MB (0.00 MB), used_sz=0.00 MB, blk_sz=(0.02 MB/0.02 MB), blks-min-max=1/1 (big 0/0)
NxNyNz = [25, 100, 32]
base_dx=0.039083; 
NxNyNz_reverse = [24, 95, 35]

-----------------------------------------------------------------------
Refining geometries:
-----------------------------------------------------------------------

-----------------------------------------------------------------------
Refining by triangulation...
Refinement input: 80000 bricks
	Checking crit (80000 / 80000)...48 marked (0.005 s)
	Time(refinement): 0.000 s
Setting regions (384 / 80336)...OK (0.000 s)
	Checking crit (0 / 80336)...0 marked (0.000 s)
Refinement result (1 iterations): 80336 bricks (0.009 s)
Refinement input: 80336 bricks
	Checking crit (79952 / 80336)...0 marked (0.001 s)
Refinement result (0 iterations): 80336 bricks (0.002 s)
Collecting and processing rays:
	Adding rays...OK (0.010 s)
	Adding flags...OK (0.002 s)
	new bricks = 80336 / 80336
	new rays   = 7085 (x=3429, y=934, z=2722)
	Processing rays...
		Rays process: Total time: 0.009, count: 1, Average time: 0.009, Maximum time: 0.009
		Sort xstacks: Total time: 0.000, count: 1, Average time: 0.000, Maximum time: 0.000
		Put xstacks:  Total time: 0.000, count: 1, Average time: 0.000, Maximum time: 0.000
		Total:         0.010 s
	Correcting rays...
		Lame vertices: Total time: 0.004, count: 1, Average time: 0.004, Maximum time: 0.004
		Bad rays:      No data
		Emit rays:     No data
		Correct ray f: No data
		Undef:         Total time: 0.000, count: 1, Average time: 0.000, Maximum time: 0.000
		Sum:           Total time: 0.004, count: 1, Average time: 0.004, Maximum time: 0.004
		Total:         0.005 s
	Time (rays): 0.027 s
	Calls                1519
	CorrectRay Calls     0
Capturing (80336 / 80336)...
Capturing takes (0.005 s)
Refining by triangulation takes 0.044 s
-----------------------------------------------------------------------

-----------------------------------------------------------------------
Refining 0 peculiar surfaces...
Collecting and processing rays:
	Adding rays...OK (0.000 s)
	Adding flags...OK (0.000 s)
	new bricks = 0 / 80336
	new rays   = 0 (x=0, y=0, z=0)
	Processing rays...
		Rays process: Total time: 0.000, count: 1, Average time: 0.000, Maximum time: 0.000
		Sort xstacks: Total time: 0.000, count: 1, Average time: 0.000, Maximum time: 0.000
		Put xstacks:  Total time: 0.000, count: 1, Average time: 0.000, Maximum time: 0.000
		Total:         0.000 s
	Correcting rays...
		Total:         0.000 s
	Time (rays): 0.001 s
	Calls                0
	CorrectRay Calls     0
Capturing (0 / 80336)...
Capturing takes (0.000 s)
0 surfaces refined
Refining peculiar surfaces takes 0.002 s
-----------------------------------------------------------------------

-----------------------------------------------------------------------
Base mesh 1 Refining...
Collecting and processing rays:
	Adding rays...OK (0.000 s)
	Adding flags...OK (0.000 s)
	new bricks = 0 / 80336
	new rays   = 0 (x=0, y=0, z=0)
	Processing rays...
		Rays process: Total time: 0.000, count: 1, Average time: 0.000, Maximum time: 0.000
		Sort xstacks: Total time: 0.000, count: 1, Average time: 0.000, Maximum time: 0.000
		Put xstacks:  Total time: 0.000, count: 1, Average time: 0.000, Maximum time: 0.000
		Total:         0.000 s
	Correcting rays...
		Total:         0.000 s
	Time (rays): 0.001 s
	Calls                0
	CorrectRay Calls     0
Capturing (0 / 80336)...
Capturing takes (0.000 s)
Refinement input: 80336 bricks
	Checking crit (79952 / 80336)...0 marked (0.000 s)
Refinement result (0 iterations): 80336 bricks (0.001 s)
-----------------------------------------------------------------------
Refining channels...
FYI: CNarrowChannelRefiner::RefineChannels_PRLL
Refinement input: 80336 bricks
	Time(refinement): 0.000 s
Setting regions (416 / 80700)...OK (0.001 s)
Refinement result (1 iterations): 80700 bricks (0.004 s)
Collecting and processing rays:
	Adding rays...OK (0.000 s)
	Adding flags...OK (0.000 s)
	new bricks = 416 / 80700
	new rays   = 54 (x=27, y=0, z=27)
	Processing rays...
		Rays process: Total time: 0.001, count: 1, Average time: 0.001, Maximum time: 0.001
		Sort xstacks: Total time: 0.000, count: 1, Average time: 0.000, Maximum time: 0.000
		Put xstacks:  Total time: 0.000, count: 1, Average time: 0.000, Maximum time: 0.000
		Total:         0.001 s
	Correcting rays...
		Lame vertices: Total time: 0.000, count: 1, Average time: 0.000, Maximum time: 0.000
		Bad rays:      No data
		Emit rays:     No data
		Correct ray f: No data
		Undef:         Total time: 0.000, count: 1, Average time: 0.000, Maximum time: 0.000
		Sum:           Total time: 0.000, count: 1, Average time: 0.000, Maximum time: 0.000
		Total:         0.001 s
	Time (rays): 0.002 s
	Calls                54
	CorrectRay Calls     0
Capturing (416 / 80700)...
Capturing takes (0.001 s)
FYI: m_iteration_count = 0
Level1 statistics:
     level1_cnt_plus[1]=416;		level1_cnt_minus[1]=0
     level1_cnt_plus[2]=0;		level1_cnt_minus[2]=0
     level1_cnt_plus[3]=0;		level1_cnt_minus[3]=0
     level1_cnt_plus[4]=0;		level1_cnt_minus[4]=0
     level1_cnt_plus[5]=0;		level1_cnt_minus[5]=0
     level1_cnt_plus[6]=0;		level1_cnt_minus[6]=0
     level1_cnt_plus[7]=0;		level1_cnt_minus[7]=0
     level1_cnt_plus[8]=0;		level1_cnt_minus[8]=0
     level1_cnt_plus[9]=0;		level1_cnt_minus[9]=0
FYI: m_iteration_count = 1
Level1 statistics:
     level1_cnt_plus[1]=416;		level1_cnt_minus[1]=0
     level1_cnt_plus[2]=0;		level1_cnt_minus[2]=0
     level1_cnt_plus[3]=0;		level1_cnt_minus[3]=0
     level1_cnt_plus[4]=0;		level1_cnt_minus[4]=0
     level1_cnt_plus[5]=0;		level1_cnt_minus[5]=0
     level1_cnt_plus[6]=0;		level1_cnt_minus[6]=0
     level1_cnt_plus[7]=0;		level1_cnt_minus[7]=0
     level1_cnt_plus[8]=0;		level1_cnt_minus[8]=0
     level1_cnt_plus[9]=0;		level1_cnt_minus[9]=0
Level1 statistics:
     level1_cnt_plus[1]=416;		level1_cnt_minus[1]=0
     level1_cnt_plus[2]=0;		level1_cnt_minus[2]=0
     level1_cnt_plus[3]=0;		level1_cnt_minus[3]=0
     level1_cnt_plus[4]=0;		level1_cnt_minus[4]=0
     level1_cnt_plus[5]=0;		level1_cnt_minus[5]=0
     level1_cnt_plus[6]=0;		level1_cnt_minus[6]=0
     level1_cnt_plus[7]=0;		level1_cnt_minus[7]=0
     level1_cnt_plus[8]=0;		level1_cnt_minus[8]=0
     level1_cnt_plus[9]=0;		level1_cnt_minus[9]=0

-----------------------------------------------------------------------
U-shapes refinement...
Refinement input: 80700 bricks
	Checking crit (79900 / 80700)...0 marked (0.005 s)
Refinement result (0 iterations): 80700 bricks (0.005 s)
Collecting and processing rays:
	Adding rays...OK (0.000 s)
	Adding flags...OK (0.000 s)
	new bricks = 0 / 80700
	new rays   = 0 (x=0, y=0, z=0)
	Processing rays...
		Rays process: Total time: 0.000, count: 1, Average time: 0.000, Maximum time: 0.000
		Sort xstacks: Total time: 0.000, count: 1, Average time: 0.000, Maximum time: 0.000
		Put xstacks:  Total time: 0.000, count: 1, Average time: 0.000, Maximum time: 0.000
		Total:         0.000 s
	Correcting rays...
		Total:         0.000 s
	Time (rays): 0.001 s
	Calls                0
	CorrectRay Calls     0
Capturing (0 / 80700)...
Capturing takes (0.000 s)
-----------------------------------------------------------------------
-----------------------------------------------------------------------
Equi Distant Refiner Objects:
-----------------------------------------------------------------------
-----------------------------------------------------------------------
Equi Distant Refiner:
Equi Distant Refiner takes 0.00 s
-----------------------------------------------------------------------
	Calls                0
	CorrectRay Calls     0

-----------------------------------------------------------------------
Refining geometries takes 0.084 s
-----------------------------------------------------------------------
-----------------------------------------------------------------------
Memory Working Set Current = 52.74 Mb, Memory Working Set Peak = 52.74 Mb
Memory Private Bytes Current = 53.76 Mb, Memory Private Bytes Peak = 53.77 Mb
Process Threads Number: 15
-----------------------------------------------------------------------
Defect ray count	0
-----------------------------------------------------------------------
CNarrowChannelRefiner::RedistributeLevel1_step_1_new: started...
	PrePass:                     416
	Distribute level_1 on level = 0
	Front spread algorithm. Partition count = 8
	Time (front spread): 0.001 s
	Groups count = 0
	Changed level 1 count = 0
	Distribute level_1 on level = 1
	Front spread algorithm. Partition count = 8
	Time (front spread): 0.000 s
	Groups count = 4
	Changed level 1 count = 0
	AfterPass:                   416
CNarrowChannelRefiner::RedistributeLevel1_step_1_new: finished in 0.002 s
Level1 statistics:
     level1_cnt_plus[1]=416;		level1_cnt_minus[1]=0
     level1_cnt_plus[2]=0;		level1_cnt_minus[2]=0
     level1_cnt_plus[3]=0;		level1_cnt_minus[3]=0
     level1_cnt_plus[4]=0;		level1_cnt_minus[4]=0
     level1_cnt_plus[5]=0;		level1_cnt_minus[5]=0
     level1_cnt_plus[6]=0;		level1_cnt_minus[6]=0
     level1_cnt_plus[7]=0;		level1_cnt_minus[7]=0
     level1_cnt_plus[8]=0;		level1_cnt_minus[8]=0
     level1_cnt_plus[9]=0;		level1_cnt_minus[9]=0
CNarrowChannelRefiner::RedistributeLevel1_step_2: started...
	PrePass(step2):                     416
	Brick chains count: 583
	Level 1 changed: 252 / 80700
	Sum (level 1 changed): 168
	AfterPass(step2):                   416
CNarrowChannelRefiner::RedistributeLevel1_step_2: finished in 0.009 s
Level1 statistics:
     level1_cnt_plus[1]=416;		level1_cnt_minus[1]=0
     level1_cnt_plus[2]=0;		level1_cnt_minus[2]=0
     level1_cnt_plus[3]=0;		level1_cnt_minus[3]=0
     level1_cnt_plus[4]=0;		level1_cnt_minus[4]=0
     level1_cnt_plus[5]=0;		level1_cnt_minus[5]=0
     level1_cnt_plus[6]=0;		level1_cnt_minus[6]=0
     level1_cnt_plus[7]=0;		level1_cnt_minus[7]=0
     level1_cnt_plus[8]=0;		level1_cnt_minus[8]=0
     level1_cnt_plus[9]=0;		level1_cnt_minus[9]=0
CNarrowChannelRefiner::RedistributeLevel1_step_3_new: started...
	PrePass(step3):                     416
	Distribute level_1 on level = 0
	Front spread algorithm. Partition count = 8
	Time (front spread): 0.006 s
	Groups count = 1
	Changed level 1 count = 0
	Distribute level_1 on level = 1
	Front spread algorithm. Partition count = 8
	Time (front spread): 0.001 s
	Groups count = 2
	Changed level 1 count = 360
	AfterPass(step3):                   776
CNarrowChannelRefiner::RedistributeLevel1_step_3_new: finished in 0.012 s
Level1 statistics:
     level1_cnt_plus[1]=416;		level1_cnt_minus[1]=360
     level1_cnt_plus[2]=0;		level1_cnt_minus[2]=0
     level1_cnt_plus[3]=0;		level1_cnt_minus[3]=0
     level1_cnt_plus[4]=0;		level1_cnt_minus[4]=0
     level1_cnt_plus[5]=0;		level1_cnt_minus[5]=0
     level1_cnt_plus[6]=0;		level1_cnt_minus[6]=0
     level1_cnt_plus[7]=0;		level1_cnt_minus[7]=0
     level1_cnt_plus[8]=0;		level1_cnt_minus[8]=0
     level1_cnt_plus[9]=0;		level1_cnt_minus[9]=0
MMP (ncr): locals=8, allc_sz=0.40 MB (0.00 MB), used_sz=0.33 MB, blk_sz=(0.02 MB/0.02 MB), blks-min-max=1/4 (big 0/0)
-----------------------------------------------------------------------
MSH format builder (Iteration 0)
-----------------------------------------------------------------------
Memory Working Set Current = 52.43 Mb, Memory Working Set Peak = 54.46 Mb
Memory Private Bytes Current = 53.43 Mb, Memory Private Bytes Peak = 55.40 Mb
Process Threads Number: 15
-----------------------------------------------------------------------
Total bricks count: 80700
-----------------------------------------------------------------------
MSH (Real Geometry) format constructor:
	Geom    Count = 2
	Bodyset Count = 2
	3D task
	Getting parser brick sets...OK (0.002 s)

	Min x-stack xeps = 0.00045
	D / dh / eps [axis=0] = (0.937723, 0.0178216, 1.78216e-05)
	D / dh / eps [axis=1] = (3.70094, 0.0181704, 1.81704e-05)
	D / dh / eps [axis=2] = (1.36738, 0.0190129, 1.90129e-05)
	Time (xeps): 0.000 s
Level 1
	Set (0)  size: 400
	Set (0)  time: 0.005 s
	Set (1)  size: 400
	Set (1)  time: 0.006 s
Level 0
	Set (0)  size: 39950
	Set (0)  time: 0.016 s
	Set (1)  size: 39950
	Set (1)  time: 0.015 s

	Spread npq bricks...0 marked (0.000 s)

Result:
	Bricks number:                        80700

	Memory usage:                         1.357 MB
	Memory usage (per brick):             0.017 KB
	Construction time:                    0.046 s

	Topology features:
	------------------
	- High quality bricks                  100.00 % (80700)
	- Medium quality bricks                  0.00 % (0)
	- Bad quality bricks                     0.00 % (0)
	- NPQ bricks                             0.00 % (0)
	- Type-1 bricks                          1.32 % (1064)
	- Ribs corrected bricks                  0.00 % (0)
	- Points with geom-info (bricks)         0.00 % (0)
	- Points with closest-info (bricks)      0.00 % (0)
	- Triangulated by center (bricks)        0.00 % (0)
	- Facet w-faces mergings (bricks)        0.00 % (0)
	- To refine (bricks)                     0.00 % (0)
	- Points-count                           0.00 % (0)
	- T-self-intersection-all (bricks)       0.00 % (0)
	- T-self-intersection-simple (bricks)    0.00 % (0)
	- T-self-intersection-complex (bricks)   0.00 % (0)
	- NPQ by reason 1 u-shape                0.00 % (0)
	- NPQ by reason 2 tri-by-ctr             0.00 % (0)
	- NPQ by reason 3 ray-correction         0.00 % (0)
	- NPQ by reason 4 t-self-intersection    0.00 % (0)
	- NPQ by reason 5 non-good               0.00 % (0)
	- NPQ by reason 6 npq-worker             0.00 % (0)

-----------------------------------------------------------------------
Memory Working Set Current = 56.46 Mb, Memory Working Set Peak = 56.46 Mb
Memory Private Bytes Current = 56.40 Mb, Memory Private Bytes Peak = 56.40 Mb
Process Threads Number: 15
-----------------------------------------------------------------------
-----------------------------------------------------------------------
msh-iterations: 1
-----------------------------------------------------------------------
high---q-brick-count = 100.00 % (80700 80700)
medium-q-brick-count =   0.00 % (80700 0)
bad----q-brick-count =   0.00 % (80700 0)
np-----q-brick-count =   0.00 % (80700 0)
-----------------------------------------------------------------------
Free brick parser storage...OK(0.001 s)
-----------------------------------------------------------------------
Memory Working Set Current = 54.96 Mb, Memory Working Set Peak = 56.47 Mb
Memory Private Bytes Current = 55.82 Mb, Memory Private Bytes Peak = 56.40 Mb
Process Threads Number: 15
-----------------------------------------------------------------------
-----------------------------------------------------------------------
MSH --> BCF format (Iteration 0)...
BCF collector...(remove mode=0)
	Time (alloc counter per brick): 0.001 s
	Brick    count: 80700
	Av.f all count: 80776
	Av.s all count: 1428
	Av.f pid count: 1284
	Av.s pid count: 1284
	Faces fs count: 2432
	Faces ff count: 0
	Faces ss count: 0
	Faces bb count: 0
	Faces fe count: 13000
	Faces se count: 0
	Faces fw count: 15432
	Faces af count: 235508
	Faces as count: 3392
	Time (all count): 	0.004 s
	Time (bcf alloc): 	0.000 s
	Time (shifts alloc): 	0.002 s
	Time (shifts init): 	0.002 s
	Time (bcf fill): 	0.006 s
	Time (add av to faces): 0.000 s
	Time (add faces to av): 0.003 s
Time (bcf collect): 		0.021 s
	AV checker...
		Hole marker...
	Front spread algorithm. Partition count = 8
	Front spread algorithm. Partition count = 8
	Time (front spread): 0.008 s
	Time (front spread): 0.008 s
			Subdomains:               1.
			Subdomains (cond):        1.
			Time (subdomain constructors): 0.009 s.
			Time (potential-hole marking): 	0.001 s
	Front spread algorithm. Partition count = 8
	Time (front spread): 0.001 s
			Hole av set size = 0
			Hole checking...
			Time (hole checking): 0.000 s.
			0 av(s) are marked to fill 0 subdomain holes.
		Time (hole marker): 0.011 s.
	Time (check av): 	0.029 s
	Subdomain checker...
	Front spread algorithm. Partition count = 8
	Time (front spread): 0.003 s
		Subdomains construction time: 0.004 s.
		Subdomains sort time: 0.000 s.
			Subdomain 0 (geom_ind=0): 80776 av
			Subdomain 1 (geom_ind=1): 1428 av
		gi: 0, real bodies: 1
		gi: 0, subdomains:  1
		gi: 1, real bodies: 0
		gi: 1, subdomains:  1
		Defect subdomains: 0
	Time (check subdoms): 	0.004 s
Time (bcf iteration total): 	0.054 s
	Sum of fw-nb: 		1612
	Time (fw-nb): 		0.000 s
	Fixed mutual fw-nb:     1612 (bb: 0)
	Time (fw-nb mutual): 	0.001 s
	Time (fw-nb sort): 	0.000 s
	Fw-opt BEFORE total:    15432 (fs=2432, ff=0, ss=0)
	Fw-opt AFTER  total:    15066 (fs=2066, ff=0, ss=0, failed fw/br=0/0, big_curv=1, big_poly=0)
	Fw-opt RESULT:          366 (res/(fs+ff+ss) = 15.05 %)
	Time (fw-opt): 		0.001 s
	Time (fw-re-order): 	0.001 s
	Sum of fw-nb: 		30170
	Time (fw-nb): 		0.004 s
	Fixed mutual fw-nb:     30170 (bb: 0)
	Time (fw-nb mutual): 	0.002 s
	Time (fw-nb sort): 	0.000 s
	Time (rfd conservation): 	0.000 s
	Time (rfd correct): 	0.000 s
	Time (av convexity): 	0.001 s
	Time (av small volume): 0.000 s
	Time (diagonal fw-nb): 	0.012 s
	Fixed mutual fw-nb:     0 (bb: 0)
	Time (fw-nb mutual): 	0.002 s
	Time (fw-nb sort): 	0.000 s
	Front spread algorithm. Partition count = 8
	Time (front spread): 0.004 s
	Fluid subdomains: 1
	Faces fw-nb diff sd:    0
	Time (fw-nb diff sd): 	0.005 s
Time (bcf calc): 		0.033 s
-----------------------------------------------------------------------
Time (bcf total): 		0.088 s
-----------------------------------------------------------------------
bcf-iterations: 1
-----------------------------------------------------------------------
-----------------------------------------------------------------------
Mega-cv constructor for fluid...
	 200 av's is treated as thin
Relative size generator (threshold = 0.05)...
	Iteration 1 (small cluster count = 20)
	Iteration 2 (small cluster count = 12)
	Iteration 3 (small cluster count = 4)
	Iteration 4 (small cluster count = 0)
	 20 mega-cv's generated
	 0 mega-cv's removed
Relative size generator is completed OK (0.002 s)
Apply fa-rules to mega-cv clusters fixes...
OK (0.000 s)
Convert clusters:
	 20 mega-cv's total
Mega-cv count: 20
Time (mega-cv fill): 	0.000 s
Time (mega-cv total): 	0.009 s
-----------------------------------------------------------------------
Mixing plane rotation regions: NO.
Sliding mesh rotation regions: NO.
Fluid/fluid faces: NO.
-----------------------------------------------------------------------
Memory Working Set Current = 75.69 Mb, Memory Working Set Peak = 88.58 Mb
Memory Private Bytes Current = 101.09 Mb, Memory Private Bytes Peak = 102.66 Mb
Process Threads Number: 15
-----------------------------------------------------------------------
----------------------------------------------------------
BCF --> BCF.GEOMSUBDOM (bridge arrays):
MESH (0):
	Front spread algorithm. Partition count = 8
	Time (front spread): 0.007 s
	Fluid Subdom Constructor: 1 subdom(s).
	Front spread algorithm. Partition count = 8
	Time (front spread): 0.001 s
	Solid Subdom Constructor: 1 subdom(s).
	Front spread algorithm. Partition count = 8
	Time (front spread): 0.000 s
	Net Asm Subdom Constructor: 0 subdom(s).
	GEOMSUBDOM (0): gi=0 Fluid av=80776 cv=80756 fa=235508 fw=15066 V=4.728717e+00
	Cache data...OK
	GEOMSUBDOM (1): gi=1 Solid av=1428 cv=1428 fa=3392 fw=2066 V=1.671243e-02
	Cache data...OK
	Setting nb of w-faces...OK (0.001 s).
	Correcting nb of w-faces...
	Time(correct_fw_nb)=0.002 s

MESH (0) checking:
	GEOMSUBDOM (0):fa_s=354.8284158120426355 fw_s=20.5140188862367232 fw_nb=120422
	              :d_const(66361)=5.35107e-13 d_linear(20180)=2.41005e-11
	GEOMSUBDOM (1):fa_s=1.6073201998088444 fw_s=0.8874855155935892 fw_nb=16446
	              :d_const(353)=6.27333e-13 d_linear(353)=4.70071e-12
MESH (0) checking: OK.
Time (MDS): 	0.058 s
----------------------------------------------------------
-----------------------------------------------------------------------
Memory Working Set Current = 104.67 Mb, Memory Working Set Peak = 104.67 Mb
Memory Private Bytes Current = 131.96 Mb, Memory Private Bytes Peak = 131.96 Mb
Process Threads Number: 15
-----------------------------------------------------------------------

-----------------------------------------------------------------------
BCF CHECKSUM DATA (Mesh 0):

BRICK |Level1| Sum:               776
FACE_A Area Sum:   G.Fluid        354.8284158120424649
FACE_A Area Sum:   G.Solid        1.6073201998088447
FACE_W Area Sum:                  20.5140188862367232
FACE_W Nb   Sum:                  120422
FACE_W min curvatures sum:        -9193.05322552
FACE_W max curvatures sum:        51264.66205093
AV Max Disbalance(Const) :        2.9908e-12 (cid=46138, t={24, 45, 36}, avid=46171, pid=1047)
AV Max Disbalance(Linear):        9.59348e-12 (cid=40713, t={28, 45, 32}, avid=40762, pid=256)
-----------------------------------------------------------------------


-----------------------------------------------------------------------
MESHER TOPOLOGY DATA:

BRICKS: Total                 80700
BRICKS: Fluid                 80556
BRICKS: Fluid Partial         1064
BRICKS: Type 1                1064
BRICKS: Max AV number         4
BRICKS: |level1| sum          776


AV:     G.Total               82204
AV:     G.Fluid               80776
AV:     G.Solid               1428

AV:     G.Fluid Thin Profile    0.27 % (220)
AV:     G.Solid Thin Profile   15.41 % (220)

AV:     G.Fluid Thin For Mega   0.25 % (200)
AV:     G.Solid Thin For Mega  12.32 % (176)

AV:     G.Fluid Non-Convex      0.35 % (284)
AV:     G.Solid Non-Convex     14.29 % (204)

AV:     G.Fluid Non-Ess-Convex      0.26 % (212)
AV:     G.Solid Non-Ess-Convex     12.32 % (176)

FACE_A: G.Fluid          (af) 235508 (partially opened 2584)
FACE_A: G.Solid          (as) 3392 (partially opened 2612)

FACE_W: G.Total                 15066       Brick/Bound
FACE_W: G.Fluid/Solid    (fs_g) 2066        0           
FACE_W: G.Fluid/Fluid    (ff_g) 0           0           
FACE_W: G.Solid/Solid    (ss_g) 0           0           
FACE_W: G.Fluid/Void     (fv_g) 0           0           
FACE_W: G.Fluid/External (fe_g) 13000
FACE_W: G.Solid/External (se_g) 0

AV/CV max fa count (on brick side):4
AV/CV max fw count:                4
AV/CV max fw poly count:           11

MEMORY: Total                   23.031 MB
MEMORY: Per Brick               0.292 KB
-----------------------------------------------------------------------

-----------------------------------------------------------------------
Connectivities information:
	Number of conns: 0
-----------------------------------------------------------------------
	Time (gap size): 	0.005 s
-----------------------------------------------------------------------
Memory Working Set Current = 104.82 Mb, Memory Working Set Peak = 104.82 Mb
Memory Private Bytes Current = 132.09 Mb, Memory Private Bytes Peak = 132.09 Mb
Process Threads Number: 15
-----------------------------------------------------------------------
-----------------------------------------------------------------------
Calculating curvature and tolerance criteria...
Curvature: min=0 (cid=0) max=3.14125 (cid=40705)
Tolerance: min=0 (cid=0) max=0.015056 (cid=38328)
Calculating curvature and tolerance criteria takes 0.011 s
-----------------------------------------------------------------------
MESH Build(FS) finished. Time=0.367 s
-----------------------------------------------------------------------
Current CPU = 0 sec

Nx=25
Ny=100
Nz=32
Max BRICK Level=1
Mesh Level=1
-----------------CModelBodies2MeshMapper::CollectData started -------------------------------
	Time (collect mesh base data): 0.001 s.
	Time (collect model bodies mapping): 0.000 s.
	Time (collect positive bodies mapping): 0.000 s.
	Time (collect fluid bodies mapping): 0.000 s.
-----------------CModelBodies2MeshMapper Report -------------------------------
FluidDomains 1 SolidDomains 1 VoidDomains 0 
Domains RefIndexes
----------------- -------------------------------
	ModelBodies
Total resolved Bodies 0 BodySets 0

--------------------------------------------------------------------------
	Positive geometry Bodies
Total resolved Bodies 1 BodySets 1
BodySet 0
	Bodies list:
			#0	Name: ;	ID: 0a820926-58e8-4dd0-8b67-68bdd2b098b4
	Domains list:mesh type	 (0, 1)		 0 


--------------------------------------------------------------------------
	Fluid regions
Total resolved Bodies 1 BodySets 1
BodySet 0	Material: Air; 
	Bodies list:
			#0	Name: ;	ID: 0a820926-58e8-4dd0-8b67-68bdd2b098b4
	Domains list:mesh type	 (0, 1)		 0 


--------------------------------------------------------------------------
Collect data takes...0.001 s
-----------------CModelBodies2MeshMapper::CollectData finished successfully-------------------
Saving initial mesh in: C:\Users\Kyle\Important\rocketrycad26\2\2.fld .
Storing results...
	Estimated CPT size=8.566 MB.
Write section 436 takes 0.000 s
Write section 101 takes 0.000 s
Write section 400 takes 0.002 s
Write section 437 takes 0.002 s
Write mesh/bricks section: 0.005 s
Write section 408 takes 0.005 s
Write section 427 takes 0.002 s
Write msh format: 0.007 s
Write section 406 takes 0.002 s
Write section 405 takes 0.000 s
Write section 401 takes 0.021 s
Write section 402 takes 0.010 s
Write section 407 takes 0.001 s
Write section 421 takes 0.006 s
Write section 404 takes 0.000 s
Write section 416 takes 0.000 s
Write section 411 takes 0.000 s
Write section 413 takes 0.000 s
Write section 432 takes 0.000 s
Write plain bcf: 0.042 s
Write section 448 takes 0.002 s
Write section 446 takes 0.000 s
Write section 516 takes 0.000 s
	Time (write bcf): 0.056 s
X_STACK_LIST::write_x_stack_list4: started...
X_STACK_LIST::write_x_stack_list4: finished in 0.001 s
Storing results takes 0.060 s
-----------------------------------------------------------------------
Memory Working Set Current = 111.99 Mb, Memory Working Set Peak = 113.21 Mb
Memory Private Bytes Current = 138.84 Mb, Memory Private Bytes Peak = 140.62 Mb
Process Threads Number: 15
-----------------------------------------------------------------------
Cleaning memory...
-----------------------------------------------------------------------
Start to free mesher data...
MMP (gbs): locals=2, allc_sz=6.82 MB (0.00 MB), used_sz=5.84 MB, blk_sz=(0.26 MB/1.14 MB), blks-min-max=3/7 (big 0/0)
MMP (cpt_rgs): locals=0, allc_sz=0.00 MB (0.00 MB), used_sz=0.00 MB, blk_sz=(0.00 MB/0.00 MB), blks-min-max=0/0 (big 0/0)
MMP (slv_rgs): locals=0, allc_sz=0.00 MB (0.00 MB), used_sz=0.00 MB, blk_sz=(0.00 MB/0.00 MB), blks-min-max=0/0 (big 0/0)
MMP (msh): locals=8, allc_sz=13.79 MB (0.00 MB), used_sz=9.26 MB, blk_sz=(0.05 MB/4.70 MB), blks-min-max=3/19 (big 0/0)
MMP (brx): locals=8, allc_sz=8.27 MB (0.00 MB), used_sz=7.81 MB, blk_sz=(0.08 MB/0.14 MB), blks-min-max=17/23 (big 0/0)
MMP (bcf): locals=8, allc_sz=41.37 MB (0.00 MB), used_sz=33.30 MB, blk_sz=(0.11 MB/4.24 MB), blks-min-max=7/28 (big 0/0)
MMP (xsl): locals=8, allc_sz=0.14 MB (0.00 MB), used_sz=0.06 MB, blk_sz=(0.02 MB/0.02 MB), blks-min-max=1/1 (big 0/0)
Free xsl...            OK	Time=0.000 s
Free ray collector...  OK	Time=0.000 s
Free ray intersector...OK	Time=0.000 s
Free body sets...      OK	Time=0.001 s
Free Geometry DB takes 0.000 s
Free mesh conn...      OK	Time=0.000 s
Free geomsd...         OK	Time=0.000 s
Free mbricks...        OK	Time=0.000 s
Free hash info...      OK	Time=0.000 s
Free bricks-x...       OK	Time=0.000 s
Free bcf...            OK	Time=0.002 s
Free mesh h...         OK	Time=0.000 s
Free bricks arr..      OK	Time=0.000 s
Free bricks tree...    OK	Time=0.000 s
Free mesh pools...     OK	Time=0.007 s
Free bodies mapper...  OK	Time=0.000 s
Free geom crits...     OK	Time=0.000 s
Free cpt regions...    OK	Time=0.000 s
Free peculiar surfs... OK	Time=0.000 s
Free sw-geometries...  OK	Time=0.000 s
Free mesher wrk data...OK	Time=0.000 s
Total free mesher data time: 0.013 s
-----------------------------------------------------------------------
Copying... OK
CPT size=1.235 MB (1294517 bytes).
Mesh generation normally finished at	25.6.2026	20:17:17
Mesher CPU = 0 sec
Mesher is finished at	25.6.2026	20:17:17
-----------------------------------------------------------------------
Memory Working Set Current = 41.39 Mb, Memory Working Set Peak = 113.21 Mb
Memory Private Bytes Current = 58.17 Mb, Memory Private Bytes Peak = 140.62 Mb
Process Threads Number: 15
-----------------------------------------------------------------------
Algebra Pool      : mem_usage = 1.00 Mb, allocated count = 0
-----------------------------------------------------------------------
Memory Working Set Current = 40.44 Mb, Memory Working Set Peak = 113.21 Mb
Memory Private Bytes Current = 57.23 Mb, Memory Private Bytes Peak = 140.62 Mb
Process Threads Number: 15
Process Threads Number Peak: 15
-----------------------------------------------------------------------
Log ended at 25.06.2026	20:17:17
